// Jest Snapshot v1, https://goo.gl/fbAQLP

exports[`Test Missions component renders correctly 1`] = `
<div
  className="tableArea"
>
  <table>
    <thead>
      <tr
        className="head"
      >
        <th>
          Mission
        </th>
        <th>
          Description
        </th>
        <th>
          Status
        </th>
        <th>
           
        </th>
      </tr>
    </thead>
    <tbody />
  </table>
</div>
`;
